13:51:02: Starting worker for 4 functions: run_one, run_assign_session, run_request_fix_session, cron:nightly
13:51:02: redis_version=7.4.11 mem_usage=1.54M clients_connected=1 db_keys=3
13:52:00:   1.00s → cron:nightly()
13:52:00:   0.05s ← cron:nightly ● {'started': True, 'repos': [{'started': False, 'reason': '未到设定时间（每天 08:00 Asia/…
13:53:00:   1.00s → cron:nightly()
13:53:00:   0.03s ← cron:nightly ● {'started': True, 'repos': [{'started': False, 'reason': '未到设定时间（每天 08:00 Asia/…
13:53:21:   0.35s → cleardebt-session-35:run_assign_session('test4', [{'rule': 'javascript:S7740', 'path': 'lib/cookies.js', 'line': 28, 's…)
13:54:00:   1.00s → cron:nightly()
13:54:00:   0.02s ← cron:nightly ● {'started': True, 'repos': [{'started': False, 'reason': '未到设定时间（每天 08:00 Asia/…
13:54:08:  47.62s ← cleardebt-session-35:run_assign_session ● {'started': True, 'session_id': 35, 'source': 'manual', 'repo': 'test4', 'resul…
13:55:00:   1.00s → cron:nightly()
13:55:00:   0.03s ← cron:nightly ● {'started': True, 'repos': [{'started': False, 'reason': '未到设定时间（每天 08:00 Asia/…
13:56:00:   1.00s → cron:nightly()
13:56:00:   0.03s ← cron:nightly ● {'started': True, 'repos': [{'started': False, 'reason': '未到设定时间（每天 08:00 Asia/…
13:57:00:   1.00s → cron:nightly()
13:57:00:   0.03s ← cron:nightly ● {'started': True, 'repos': [{'started': False, 'reason': '未到设定时间（每天 08:00 Asia/…
13:58:00:   1.01s → cron:nightly()
13:58:00:   0.03s ← cron:nightly ● {'started': True, 'repos': [{'started': False, 'reason': '未到设定时间（每天 08:00 Asia/…
13:59:00:   1.01s → cron:nightly()
13:59:00:   0.03s ← cron:nightly ● {'started': True, 'repos': [{'started': False, 'reason': '未到设定时间（每天 08:00 Asia/…
14:00:00:   1.00s → cron:nightly()
14:00:00:   0.03s ← cron:nightly ● {'started': True, 'repos': [{'started': False, 'reason': '未到设定时间（每天 08:00 Asia/…
14:01:00:   1.00s → cron:nightly()
14:01:00:   0.03s ← cron:nightly ● {'started': True, 'repos': [{'started': False, 'reason': '未到设定时间（每天 08:00 Asia/…
14:02:00:   1.00s → cron:nightly()
14:02:00:   0.03s ← cron:nightly ● {'started': True, 'repos': [{'started': False, 'reason': '未到设定时间（每天 08:00 Asia/…
14:03:00:   1.01s → cron:nightly()
14:03:00:   0.03s ← cron:nightly ● {'started': True, 'repos': [{'started': False, 'reason': '未到设定时间（每天 08:00 Asia/…
14:04:00:   1.01s → cron:nightly()
14:04:00:   0.03s ← cron:nightly ● {'started': True, 'repos': [{'started': False, 'reason': '未到设定时间（每天 08:00 Asia/…
14:05:00:   1.00s → cron:nightly()
14:05:00:   0.03s ← cron:nightly ● {'started': True, 'repos': [{'started': False, 'reason': '未到设定时间（每天 08:00 Asia/…
14:06:00:   1.00s → cron:nightly()
14:06:00:   0.02s ← cron:nightly ● {'started': True, 'repos': [{'started': False, 'reason': '未到设定时间（每天 08:00 Asia/…
14:07:00:   1.00s → cron:nightly()
14:07:00:   0.03s ← cron:nightly ● {'started': True, 'repos': [{'started': False, 'reason': '未到设定时间（每天 08:00 Asia/…
14:08:00:   1.00s → cron:nightly()
14:08:00:   0.02s ← cron:nightly ● {'started': True, 'repos': [{'started': False, 'reason': '未到设定时间（每天 08:00 Asia/…
14:09:00:   1.00s → cron:nightly()
14:09:00:   0.03s ← cron:nightly ● {'started': True, 'repos': [{'started': False, 'reason': '未到设定时间（每天 08:00 Asia/…
14:10:00:   1.00s → cron:nightly()
14:10:00:   0.03s ← cron:nightly ● {'started': True, 'repos': [{'started': False, 'reason': '未到设定时间（每天 08:00 Asia/…
14:11:00:   1.00s → cron:nightly()
14:11:00:   0.02s ← cron:nightly ● {'started': True, 'repos': [{'started': False, 'reason': '未到设定时间（每天 08:00 Asia/…
14:12:00:   1.00s → cron:nightly()
14:12:00:   0.03s ← cron:nightly ● {'started': True, 'repos': [{'started': False, 'reason': '未到设定时间（每天 08:00 Asia/…
14:13:00:   1.00s → cron:nightly()
14:13:00:   0.03s ← cron:nightly ● {'started': True, 'repos': [{'started': False, 'reason': '未到设定时间（每天 08:00 Asia/…
14:14:00:   1.00s → cron:nightly()
14:14:00:   0.03s ← cron:nightly ● {'started': True, 'repos': [{'started': False, 'reason': '未到设定时间（每天 08:00 Asia/…
14:15:00:   1.00s → cron:nightly()
14:15:00:   0.03s ← cron:nightly ● {'started': True, 'repos': [{'started': False, 'reason': '未到设定时间（每天 08:00 Asia/…
14:16:00:   1.00s → cron:nightly()
14:16:00:   0.03s ← cron:nightly ● {'started': True, 'repos': [{'started': False, 'reason': '未到设定时间（每天 08:00 Asia/…
14:17:00:   1.00s → cron:nightly()
14:17:00:   0.03s ← cron:nightly ● {'started': True, 'repos': [{'started': False, 'reason': '未到设定时间（每天 08:00 Asia/…
